numNodes: 8 #Example: 4, 8, 12 16 etc.
nvmeList: [[/dev/vdb, /dev/vdc, /dev/vdd, /dev/vde], [/dev/vdb, /dev/vdc, /dev/vdd, /dev/vde], [/dev/vdb, /dev/vdc, /dev/vdd, /dev/vde], [/dev/vdb, /dev/vdc, /dev/vdd, /dev/vde], [], [], [], []]
ipAddresses: [10.11.1.134, 10.11.1.135, 10.11.1.242, 10.11.2.20, 0.11.2.20, 0.11.2.20, 0.11.2.20, 0.11.2.20] #Example: [10.xx.xx.xx, 10.xx.xx.xx, ...]
names: [db2-pc-test-1-01.fyre.ibm.com, db2-pc-test-1-02.fyre.ibm.com, db2-pc-test-1-03.fyre.ibm.com, db2-pc-test-1-04.fyre.ibm.com, db2-pc-test-1-05.fyre.ibm.com, db2-pc-test-1-06.fyre.ibm.com, db2-pc-test-1-07.fyre.ibm.com, db2-pc-test-1-08.fyre.ibm.com] #Example: [e1n1, e2n1, ...]
partitions: 24

numNodes: 12 #Example: 4, 8, 12 16 etc.
nvmeList: [[/dev/vdb, /dev/vdc, /dev/vdd, /dev/vde], [/dev/vdb, /dev/vdc, /dev/vdd, /dev/vde], [/dev/vdb, /dev/vdc, /dev/vdd, /dev/vde], [/dev/vdb, /dev/vdc, /dev/vdd, /dev/vde], [], [], [], [], [], [],[],[]]
ipAddresses: [10.11.1.134, 10.11.1.135, 10.11.1.242, 10.11.2.20, 0.11.2.20, 0.11.2.20, 0.11.2.20, 0.11.2.20, 0.11.2.20, 0.11.2.20, 0.11.2.20, 0.11.2.20] #Example: [10.xx.xx.xx, 10.xx.xx.xx, ...]
names: [db2-pc-test-1-01.fyre.ibm.com, db2-pc-test-1-02.fyre.ibm.com, db2-pc-test-1-03.fyre.ibm.com, db2-pc-test-1-04.fyre.ibm.com, db2-pc-test-1-05.fyre.ibm.com, db2-pc-test-1-06.fyre.ibm.com, db2-pc-test-1-07.fyre.ibm.com, db2-pc-test-1-08.fyre.ibm.com, db2-pc-test-1-09.fyre.ibm.com, db2-pc-test-1-10.fyre.ibm.com, db2-pc-test-1-11.fyre.ibm.com, db2-pc-test-1-12.fyre.ibm.com] #Example: [e1n1, e2n1, ...]
partitions: 36